
> react-vite-tailwind@0.0.6 build
> npm run lint && npm run typecheck && npm run test && node ./scripts/migrate.js && node node_modules/vite/bin/vite.js build


> react-vite-tailwind@0.0.6 lint
> eslint .


C:\Users\abhij\OneDrive\Documents\DriveDE\api\contact.ts
   5:44  warning  Unexpected any. Specify a different type  @typescript-eslint/no-explicit-any
   5:54  warning  Unexpected any. Specify a different type  @typescript-eslint/no-explicit-any
  35:12  warning  'error' is defined but never used         @typescript-eslint/no-unused-vars

C:\Users\abhij\OneDrive\Documents\DriveDE\api\overpass.ts
  8:44  warning  Unexpected any. Specify a different type  @typescript-eslint/no-explicit-any
  8:54  warning  Unexpected any. Specify a different type  @typescript-eslint/no-explicit-any

C:\Users\abhij\OneDrive\Documents\DriveDE\api\welcome.ts
   5:44  warning  Unexpected any. Specify a different type  @typescript-eslint/no-explicit-any
   5:54  warning  Unexpected any. Specify a different type  @typescript-eslint/no-explicit-any
  49:12  warning  'error' is defined but never used         @typescript-eslint/no-unused-vars

C:\Users\abhij\OneDrive\Documents\DriveDE\backend\src\middleware\auth.js
   1:22  error  A `require()` style import is forbidden  @typescript-eslint/no-require-imports
   1:22  error  'require' is not defined                 no-undef
  24:1   error  'module' is not defined                  no-undef

C:\Users\abhij\OneDrive\Documents\DriveDE\backend\src\server.js
    1:1   error  A `require()` style import is forbidden  @typescript-eslint/no-require-imports
    1:1   error  'require' is not defined                 no-undef
    2:17  error  A `require()` style import is forbidden  @typescript-eslint/no-require-imports
    2:17  error  'require' is not defined                 no-undef
    3:14  error  A `require()` style import is forbidden  @typescript-eslint/no-require-imports
    3:14  error  'require' is not defined                 no-undef
    4:22  error  A `require()` style import is forbidden  @typescript-eslint/no-require-imports
    4:22  error  'require' is not defined                 no-undef
    5:24  error  A `require()` style import is forbidden  @typescript-eslint/no-require-imports
    5:24  error  'require' is not defined                 no-undef
  166:14  error  'process' is not defined                 no-undef
  168:3   error  'console' is not defined                 no-undef

C:\Users\abhij\OneDrive\Documents\DriveDE\backend\src\supabaseClient.js
   1:1   error  A `require()` style import is forbidden  @typescript-eslint/no-require-imports
   1:1   error  'require' is not defined                 no-undef
   2:26  error  A `require()` style import is forbidden  @typescript-eslint/no-require-imports
   2:26  error  'require' is not defined                 no-undef
   4:21  error  'process' is not defined                 no-undef
   5:21  error  'process' is not defined                 no-undef
  13:1   error  'module' is not defined                  no-undef

C:\Users\abhij\OneDrive\Documents\DriveDE\scratch\analyze_braces.cjs
   2:12  error  A `require()` style import is forbidden  @typescript-eslint/no-require-imports
   2:12  error  'require' is not defined                 no-undef
  34:6   error  'console' is not defined                 no-undef

C:\Users\abhij\OneDrive\Documents\DriveDE\scratch\check_supabase.js
  34:3  error  'console' is not defined  no-undef
  38:5  error  'console' is not defined  no-undef
  43:7  error  'console' is not defined  no-undef
  52:9  error  'console' is not defined  no-undef
  55:9  error  'console' is not defined  no-undef
  58:5  error  'console' is not defined  no-undef
  62:5  error  'console' is not defined  no-undef
  64:5  error  'console' is not defined  no-undef

C:\Users\abhij\OneDrive\Documents\DriveDE\scratch\compare_scenarios.js
  30:1  error  'console' is not defined  no-undef
  31:1  error  'console' is not defined  no-undef

C:\Users\abhij\OneDrive\Documents\DriveDE\scratch\encode_password.js
   1:18  error  'process' is not defined  no-undef
   3:3   error  'console' is not defined  no-undef
   4:3   error  'process' is not defined  no-undef
   8:1   error  'console' is not defined  no-undef
   9:1   error  'console' is not defined  no-undef
  10:1   error  'console' is not defined  no-undef

C:\Users\abhij\OneDrive\Documents\DriveDE\scratch\find_leak.cjs
   2:12  error  A `require()` style import is forbidden            @typescript-eslint/no-require-imports
   2:12  error  'require' is not defined                           no-undef
  35:25  error  'bracketCount' is assigned a value but never used  @typescript-eslint/no-unused-vars
  41:8   error  'console' is not defined                           no-undef
  42:8   error  'process' is not defined                           no-undef
  46:1   error  'console' is not defined                           no-undef

C:\Users\abhij\OneDrive\Documents\DriveDE\scratch\old_exam_lessons.ts
  1:7  warning  'examLessons' is assigned a value but never used  @typescript-eslint/no-unused-vars

C:\Users\abhij\OneDrive\Documents\DriveDE\scratch\perf_test.cjs
   1:22  error  A `require()` style import is forbidden  @typescript-eslint/no-require-imports
   1:22  error  'require' is not defined                 no-undef
   4:3   error  'console' is not defined                 no-undef
  12:3   error  'console' is not defined                 no-undef
  19:3   error  'console' is not defined                 no-undef
  33:5   error  'console' is not defined                 no-undef
  40:7   error  'console' is not defined                 no-undef
  46:7   error  'console' is not defined                 no-undef
  47:14  error  'e' is defined but never used            @typescript-eslint/no-unused-vars
  48:7   error  'console' is not defined                 no-undef
  53:3   error  'console' is not defined                 no-undef
  57:11  error  'e' is defined but never used            @typescript-eslint/no-unused-vars
  57:14  error  Empty block statement                    no-empty
  59:3   error  'console' is not defined                 no-undef
  69:13  error  'e' is defined but never used            @typescript-eslint/no-unused-vars
  75:5   error  'console' is not defined                 no-undef
  76:12  error  'e' is defined but never used            @typescript-eslint/no-unused-vars
  77:5   error  'console' is not defined                 no-undef
  82:46  error  'window' is not defined                  no-undef
  88:3   error  'console' is not defined                 no-undef
  89:3   error  'console' is not defined                 no-undef
  94:28  error  'console' is not defined                 no-undef

C:\Users\abhij\OneDrive\Documents\DriveDE\scripts\migrate.js
  11:26   error  'process' is not defined  no-undef
  11:54   error  'process' is not defined  no-undef
  11:76   error  'process' is not defined  no-undef
  11:104  error  'process' is not defined  no-undef
  14:3    error  'console' is not defined  no-undef
  15:3    error  'process' is not defined  no-undef
  22:5    error  'console' is not defined  no-undef
  45:9    error  'console' is not defined  no-undef
  53:11   error  'console' is not defined  no-undef
  58:13   error  'console' is not defined  no-undef
  67:5    error  'console' is not defined  no-undef
  69:5    error  'console' is not defined  no-undef
  70:5    error  'process' is not defined  no-undef

C:\Users\abhij\OneDrive\Documents\DriveDE\src\App.tsx
  107:22   warning  Unexpected any. Specify a different type  @typescript-eslint/no-explicit-any
  551:100  warning  Unexpected any. Specify a different type  @typescript-eslint/no-explicit-any
  551:151  warning  Unexpected any. Specify a different type  @typescript-eslint/no-explicit-any

C:\Users\abhij\OneDrive\Documents\DriveDE\src\components\auth\Account.tsx
  119:14  warning  'error' is defined but never used  @typescript-eslint/no-unused-vars
  212:28  warning  'e' is defined but never used      @typescript-eslint/no-unused-vars

C:\Users\abhij\OneDrive\Documents\DriveDE\src\components\auth\LicenseSelector.tsx
    7:50  warning  'BadgeCheck' is defined but never used       @typescript-eslint/no-unused-vars
   23:9   warning  'common' is assigned a value but never used  @typescript-eslint/no-unused-vars
   87:44  warning  Unexpected any. Specify a different type     @typescript-eslint/no-explicit-any
  166:67  warning  Unexpected any. Specify a different type     @typescript-eslint/no-explicit-any

C:\Users\abhij\OneDrive\Documents\DriveDE\src\components\auth\PathSelectorModal.tsx
  27:31  warning  Unexpected any. Specify a different type  @typescript-eslint/no-explicit-any

C:\Users\abhij\OneDrive\Documents\DriveDE\src\components\auth\Welcome.tsx
  327:51  warning  Unexpected any. Specify a different type  @typescript-eslint/no-explicit-any
  346:51  warning  Unexpected any. Specify a different type  @typescript-eslint/no-explicit-any

C:\Users\abhij\OneDrive\Documents\DriveDE\src\components\common\AchievementOverlay.tsx
  34:25  warning  Unexpected any. Specify a different type  @typescript-eslint/no-explicit-any

C:\Users\abhij\OneDrive\Documents\DriveDE\src\components\layout\Header.tsx
  13:23  warning  Unexpected any. Specify a different type  @typescript-eslint/no-explicit-any

C:\Users\abhij\OneDrive\Documents\DriveDE\src\components\maneuvers\AnimatedManeuver.tsx
  148:6  warning  Unexpected any. Specify a different type  @typescript-eslint/no-explicit-any

C:\Users\abhij\OneDrive\Documents\DriveDE\src\components\maneuvers\InstructorReview.tsx
  109:94  warning  Unexpected any. Specify a different type  @typescript-eslint/no-explicit-any
  347:35  warning  Unexpected any. Specify a different type  @typescript-eslint/no-explicit-any
  357:44  warning  Unexpected any. Specify a different type  @typescript-eslint/no-explicit-any
  687:40  warning  Unexpected any. Specify a different type  @typescript-eslint/no-explicit-any
  725:49  warning  Unexpected any. Specify a different type  @typescript-eslint/no-explicit-any
  794:25  warning  Unexpected any. Specify a different type  @typescript-eslint/no-explicit-any

C:\Users\abhij\OneDrive\Documents\DriveDE\src\components\maneuvers\InteractiveExamSimulation.tsx
   52:39  warning  Unexpected any. Specify a different type  @typescript-eslint/no-explicit-any
  198:52  warning  Unexpected any. Specify a different type  @typescript-eslint/no-explicit-any

C:\Users\abhij\OneDrive\Documents\DriveDE\src\components\tracker\NavigationHUD.tsx
  190:3  warning  React Hook useMemo has a missing dependency: 'gpsPoints'. Either include it or remove the dependency array  react-hooks/exhaustive-deps
  199:3  warning  React Hook useMemo has a missing dependency: 'gpsPoints'. Either include it or remove the dependency array  react-hooks/exhaustive-deps

C:\Users\abhij\OneDrive\Documents\DriveDE\src\components\tracker\Tracker.test.tsx
   90:18  warning  Unexpected any. Specify a different type  @typescript-eslint/no-explicit-any
   92:25  warning  'whileInView' is defined but never used   @typescript-eslint/no-unused-vars
   92:38  warning  'viewport' is defined but never used      @typescript-eslint/no-unused-vars
   92:48  warning  'transition' is defined but never used    @typescript-eslint/no-unused-vars
   92:72  warning  Unexpected any. Specify a different type  @typescript-eslint/no-explicit-any
   93:26  warning  'whileInView' is defined but never used   @typescript-eslint/no-unused-vars
   93:39  warning  'viewport' is defined but never used      @typescript-eslint/no-unused-vars
   93:49  warning  'transition' is defined but never used    @typescript-eslint/no-unused-vars
   93:73  warning  Unexpected any. Specify a different type  @typescript-eslint/no-explicit-any
   94:28  warning  'whileInView' is defined but never used   @typescript-eslint/no-unused-vars
   94:41  warning  'viewport' is defined but never used      @typescript-eslint/no-unused-vars
   94:51  warning  'transition' is defined but never used    @typescript-eslint/no-unused-vars
   94:75  warning  Unexpected any. Specify a different type  @typescript-eslint/no-explicit-any
   95:27  warning  'whileInView' is defined but never used   @typescript-eslint/no-unused-vars
   95:40  warning  'viewport' is defined but never used      @typescript-eslint/no-unused-vars
   95:50  warning  'transition' is defined but never used    @typescript-eslint/no-unused-vars
   95:74  warning  Unexpected any. Specify a different type  @typescript-eslint/no-explicit-any
   96:24  warning  'whileInView' is defined but never used   @typescript-eslint/no-unused-vars
   96:37  warning  'viewport' is defined but never used      @typescript-eslint/no-unused-vars
   96:47  warning  'transition' is defined but never used    @typescript-eslint/no-unused-vars
   96:71  warning  Unexpected any. Specify a different type  @typescript-eslint/no-explicit-any
   97:24  warning  'whileInView' is defined but never used   @typescript-eslint/no-unused-vars
   97:37  warning  'viewport' is defined but never used      @typescript-eslint/no-unused-vars
   97:47  warning  'transition' is defined but never used    @typescript-eslint/no-unused-vars
   97:71  warning  Unexpected any. Specify a different type  @typescript-eslint/no-explicit-any
   98:23  warning  'whileInView' is defined but never used   @typescript-eslint/no-unused-vars
   98:36  warning  'viewport' is defined but never used      @typescript-eslint/no-unused-vars
   98:46  warning  'transition' is defined but never used    @typescript-eslint/no-unused-vars
   98:70  warning  Unexpected any. Specify a different type  @typescript-eslint/no-explicit-any
  100:37  warning  Unexpected any. Specify a different type  @typescript-eslint/no-explicit-any

C:\Users\abhij\OneDrive\Documents\DriveDE\src\components\tracker\Tracker.tsx
   328:35  warning  Unexpected any. Specify a different type                                                                                         @typescript-eslint/no-explicit-any
   329:35  warning  Unexpected any. Specify a different type                                                                                         @typescript-eslint/no-explicit-any
   500:51  warning  Unexpected any. Specify a different type                                                                                         @typescript-eslint/no-explicit-any
  1113:45  warning  Unexpected any. Specify a different type                                                                                         @typescript-eslint/no-explicit-any
  1162:39  warning  Unexpected any. Specify a different type                                                                                         @typescript-eslint/no-explicit-any
  1279:6   warning  React Hook useEffect has a missing dependency: 'userProgress.drivingSessions'. Either include it or remove the dependency array  react-hooks/exhaustive-deps
  1417:59  warning  Unexpected any. Specify a different type                                                                                         @typescript-eslint/no-explicit-any
  1640:39  warning  Unexpected any. Specify a different type                                                                                         @typescript-eslint/no-explicit-any
  1640:44  warning  Unexpected any. Specify a different type                                                                                         @typescript-eslint/no-explicit-any
  1641:38  warning  Unexpected any. Specify a different type                                                                                         @typescript-eslint/no-explicit-any
  2227:30  warning  'e' is defined but never used                                                                                                    @typescript-eslint/no-unused-vars
  2268:66  warning  Unexpected any. Specify a different type                                                                                         @typescript-eslint/no-explicit-any
  2442:51  warning  Unexpected any. Specify a different type                                                                                         @typescript-eslint/no-explicit-any
  2606:49  warning  Unexpected any. Specify a different type                                                                                         @typescript-eslint/no-explicit-any

C:\Users\abhij\OneDrive\Documents\DriveDE\src\data\curriculum.ts
   11:72  warning  Unexpected any. Specify a different type  @typescript-eslint/no-explicit-any
   12:72  warning  Unexpected any. Specify a different type  @typescript-eslint/no-explicit-any
   18:58  warning  Unexpected any. Specify a different type  @typescript-eslint/no-explicit-any
   23:51  warning  Unexpected any. Specify a different type  @typescript-eslint/no-explicit-any
   27:63  warning  Unexpected any. Specify a different type  @typescript-eslint/no-explicit-any
   35:58  warning  Unexpected any. Specify a different type  @typescript-eslint/no-explicit-any
   40:51  warning  Unexpected any. Specify a different type  @typescript-eslint/no-explicit-any
   44:63  warning  Unexpected any. Specify a different type  @typescript-eslint/no-explicit-any
   69:56  warning  Unexpected any. Specify a different type  @typescript-eslint/no-explicit-any
   78:59  warning  Unexpected any. Specify a different type  @typescript-eslint/no-explicit-any
   91:82  warning  Unexpected any. Specify a different type  @typescript-eslint/no-explicit-any
   92:82  warning  Unexpected any. Specify a different type  @typescript-eslint/no-explicit-any
  106:60  warning  Unexpected any. Specify a different type  @typescript-eslint/no-explicit-any
  107:60  warning  Unexpected any. Specify a different type  @typescript-eslint/no-explicit-any
  110:58  warning  Unexpected any. Specify a different type  @typescript-eslint/no-explicit-any
  116:61  warning  Unexpected any. Specify a different type  @typescript-eslint/no-explicit-any
  123:56  warning  Unexpected any. Specify a different type  @typescript-eslint/no-explicit-any
  125:38  warning  Unexpected any. Specify a different type  @typescript-eslint/no-explicit-any
  132:58  warning  Unexpected any. Specify a different type  @typescript-eslint/no-explicit-any
  138:61  warning  Unexpected any. Specify a different type  @typescript-eslint/no-explicit-any
  145:56  warning  Unexpected any. Specify a different type  @typescript-eslint/no-explicit-any
  147:38  warning  Unexpected any. Specify a different type  @typescript-eslint/no-explicit-any
  176:49  warning  Unexpected any. Specify a different type  @typescript-eslint/no-explicit-any
  177:49  warning  Unexpected any. Specify a different type  @typescript-eslint/no-explicit-any
  181:17  warning  Unexpected any. Specify a different type  @typescript-eslint/no-explicit-any
  189:53  warning  Unexpected any. Specify a different type  @typescript-eslint/no-explicit-any
  199:68  warning  Unexpected any. Specify a different type  @typescript-eslint/no-explicit-any
  209:62  warning  Unexpected any. Specify a different type  @typescript-eslint/no-explicit-any
  219:77  warning  Unexpected any. Specify a different type  @typescript-eslint/no-explicit-any
  239:52  warning  Unexpected any. Specify a different type  @typescript-eslint/no-explicit-any
  247:42  warning  Unexpected any. Specify a different type  @typescript-eslint/no-explicit-any
  269:16  warning  Unexpected any. Specify a different type  @typescript-eslint/no-explicit-any
  269:25  warning  Unexpected any. Specify a different type  @typescript-eslint/no-explicit-any
  271:59  warning  Unexpected any. Specify a different type  @typescript-eslint/no-explicit-any
  272:59  warning  Unexpected any. Specify a different type  @typescript-eslint/no-explicit-any

C:\Users\abhij\OneDrive\Documents\DriveDE\src\services\AnalyticsService.ts
   19:16  warning  Unexpected any. Specify a different type  @typescript-eslint/no-explicit-any
   20:21  warning  Unexpected any. Specify a different type  @typescript-eslint/no-explicit-any
   21:10  warning  Unexpected any. Specify a different type  @typescript-eslint/no-explicit-any
   90:29  warning  Unexpected any. Specify a different type  @typescript-eslint/no-explicit-any
  112:16  warning  Unexpected any. Specify a different type  @typescript-eslint/no-explicit-any
  135:25  warning  Unexpected any. Specify a different type  @typescript-eslint/no-explicit-any
  137:14  warning  Unexpected any. Specify a different type  @typescript-eslint/no-explicit-any
  137:39  warning  Unexpected any. Specify a different type  @typescript-eslint/no-explicit-any
  168:23  warning  Unexpected any. Specify a different type  @typescript-eslint/no-explicit-any

C:\Users\abhij\OneDrive\Documents\DriveDE\src\services\supabaseSync.test.ts
   59:112  warning  Unexpected any. Specify a different type  @typescript-eslint/no-explicit-any
   63:73   warning  Unexpected any. Specify a different type  @typescript-eslint/no-explicit-any
  102:10   warning  Unexpected any. Specify a different type  @typescript-eslint/no-explicit-any

C:\Users\abhij\OneDrive\Documents\DriveDE\tests\mobile_ux.spec.ts
  7:29  warning  Unexpected any. Specify a different type  @typescript-eslint/no-explicit-any

Ô£û 208 problems (82 errors, 126 warnings)

