
[1m[30m[46m RUN [49m[39m[22m [36mv4.1.5 [39m[90mC:/Users/abhij/OneDrive/Documents/DriveDE[39m

 [31mÔØ»[39m src/components/tracker/Tracker.test.tsx [2m([22m[2m4 tests[22m[2m | [22m[31m3 failed[39m[2m)[22m[33m 2512[2mms[22m[39m
[31m     [31m├ù[31m should display error toast when GPS permission is denied[39m[33m 2359[2mms[22m[39m
     [32mÔ£ô[39m should show safety warning modal before starting live tracking[32m 103[2mms[22m[39m
[31m     [31m├ù[31m should show GDPR portability and erasure options in history[39m[32m 29[2mms[22m[39m
[31m     [31m├ù[31m should trigger JSON export when export button is clicked[39m[32m 17[2mms[22m[39m
node.exe : 
At line:1 char:1
+ & "C:\Program Files\nodejs/node.exe" "C:\Program Files\nodejs/node_mo ...
+ ~~~~~~~~~~~~~~~~~~~~~~~~~~~~~~~~~~~~~~~~~~~~~~~~~~~~~~~~~~~~~~~~~~~~~
    + CategoryInfo          : NotSpecified: (:String) [], RemoteException
    + FullyQualifiedErrorId : NativeCommandError
 
[31mÔÄ»ÔÄ»ÔÄ»ÔÄ»ÔÄ»ÔÄ»ÔÄ»[39m[1m[41m Failed Tests 3 [49m[22m[31mÔÄ»ÔÄ»ÔÄ»ÔÄ»ÔÄ»ÔÄ»ÔÄ»[39m

[41m[1m FAIL [22m[49m src/components/tracker/Tracker.test.tsx[2m > [22mTracker Component[2m > [22mshould 
display error toast when GPS permission is denied
[31m[1mAssertionError[22m[39m: expected "vi.fn()" to be called with arguments: [ StringContaining{ÔÇª} ][90m

Number of calls: [1m0[22m
[39m

Ignored nodes: comments, script, style
[36m<html>[39m
  [36m<head />[39m
  [36m<body>[39m
    [36m<div>[39m
      [36m<div[39m
        [33mclass[39m=[32m"space-y-6 pb-24"[39m
      [36m>[39m
        [36m<div[39m
          [33mclass[39m=[32m"flex items-center justify-between"[39m
        [36m>[39m
          [36m<div>[39m
            [36m<h2[39m
              [33mclass[39m=[32m"text-xl font-bold text-slate-900 dark:text-white"[39m
            [36m>[39m
              [0mDriving Log[0m
            [36m</h2>[39m
            [36m<p[39m
              [33mclass[39m=[32m"mt-1 text-sm text-slate-500 dark:text-slate-400"[39m
            [36m>[39m
              [0mTrack your driving lessons[0m
            [36m</p>[39m
          [36m</div>[39m
          [36m<div[39m
            [33mclass[39m=[32m"flex p-1 bg-slate-100 dark:bg-slate-800 rounded-2xl w-fit"[39m
          [36m>[39m
            [36m<button[39m
              [33mclass[39m=[32m"px-6 py-2 text-sm font-bold rounded-xl transition-all bg-white dark:bg-slate-700 
text-blue-600 dark:text-blue-400 shadow-sm"[39m
              [33mdata-testid[39m=[32m"tab-tracker"[39m
            [36m>[39m
              [0mTracker[0m
            [36m</button>[39m
            [36m<button[39m
              [33mclass[39m=[32m"px-6 py-2 text-sm font-bold rounded-xl transition-all text-slate-500 
hover:text-slate-700 dark:text-slate-400 dark:hover:text-slate-300"[39m
              [33mdata-testid[39m=[32m"tab-history"[39m
            [36m>[39m
              [0mHistory[0m
            [36m</button>[39m
          [36m</div>[39m
        [36m</div>[39m
        [36m<div[39m
          [33mclass[39m=[32m"space-y-6"[39m
        [36m>[39m
          [36m<div[39m
            [33mclass[39m=[32m"rounded-2xl border border-slate-100 bg-white p-4 shadow-sm dark:border-slate-700/50 
dark:bg-slate-800"[39m
          [36m>[39m
            [36m<div[39m
              [33mclass[39m=[32m"flex items-center justify-between"[39m
            [36m>[39m
              [36m<div[39m
                [33mclass[39m=[32m"flex items-center gap-3"[39m
              [36m>[39m
                [36m<div[39m
                  [33mclass[39m=[32m"flex h-10 w-10 items-center justify-center rounded-xl bg-green-50 
text-green-600 dark:bg-green-900/30 dark:text-green-400"[39m
                [36m>[39m
                  [36m<span[39m
                    [33mclass[39m=[32m"text-xl font-bold"[39m
                  [36m>[39m
                    [0mÔé¼[0m
                  [36m</span>[39m
                [36m</div>[39m
                [36m<div>[39m
                  [36m<p[39m
                    [33mclass[39m=[32m"text-xs font-semibold uppercase tracking-wider text-slate-500 
dark:text-slate-400"[39m
                  [36m>[39m
                    [0mDriving School Rate[0m
                  [36m</p>[39m
                  [36m<button[39m
                    [33mclass[39m=[32m"mt-0.5 text-lg font-black text-slate-900 hover:text-blue-500 dark:text-white 
dark:hover:text-blue-400"[39m
                  [36m>[39m
                    [0mÔé¼[0m
                    [0m60.00[0m
                    [0m [0m
                    [36m<span[39m
                      [33mclass[39m=[32m"text-xs font-bold text-slate-400"[39m
                    [36m>[39m
                      [0m/ 45 min[0m
                    [36m</span>[39m
                  [36m</button>[39m
                [36m</div>[39m
              [36m</div>[39m
            [36m</div>[39m
          [36m</div>[39m
          [36m<div[39m
            [33mclass[39m=[32m"relative overflow-hidden rounded-2xl bg-gradient-to-r from-slate-900 to-slate-800 
p-5 text-white shadow-xl dark:from-slate-800 dark:to-slate-900"[39m
          [36m>[39m
            [36m<div[39m
              [33mclass[39m=[32m"flex items-center justify-between"[39m
            [36m>[39m
              [36m<div[39m
                [33mclass[39m=[32m"flex items-center gap-2"[39m
              [36m>[39m
                [36m<svg[39m
                  [33maria-hidden[39m=[32m"true"[39m
                  [33mclass[39m=[32m"lucide lucide-clock h-5 w-5 text-slate-300"[39m
                  [33mfill[39m=[32m"none"[39m
                  [33mheight[39m=[32m"24"[39m
                  [33mstroke[39m=[32m"currentColor"[39m
                  [33mstroke-linecap[39m=[32m"round"[39m
                  [33mstroke-linejoin[39m=[32m"round"[39m
                  [33mstroke-width[39m=[32m"2"[39m
                  [33mviewBox[39m=[32m"0 0 24 24"[39m
                  [33mwidth[39m=[32m"24"[39m
                  [33mxmlns[39m=[32m"http://www.w3.org/2000/svg"[39m
                [36m>[39m
                  [36m<circle[39m
                    [33mcx[39m=[32m"12"[39m
                    [33mcy[39m=[32m"12"[39m
                    [33mr[39m=[32m"10"[39m
                  [36m/>[39m
                  [36m<path[39m
                    [33md[39m=[32m"M12 6v6l4 2"[39m
                  [36m/>[39m
                [36m</svg>[39m
                [36m<h3[39m
                  [33mclass[39m=[32m"font-semibold"[39m
                [36m>[39m
                  [0mLive Drive Timer[0m
                [36m</h3>[39m
              [36m</div>[39m
              [36m<div[39m
                [33mclass[39m=[32m"flex items-center gap-3"[39m
              [36m>[39m
                [36m<div[39m
                  [33mclass[39m=[32m"flex items-center gap-2 mr-2"[39m
                [36m>[39m
                  [36m<button[39m
                    [33mclass[39m=[32m"flex h-6 w-6 items-center justify-center rounded-lg bg-slate-700/50 
text-slate-300 transition-all hover:bg-slate-700 hover:text-white"[39m
                    [33mtitle[39m=[32m"Privacy & AI Transparency"[39m
                  [36m>[39m
                    [36m<svg[39m
                      [33maria-hidden[39m=[32m"true"[39m
                      [33mclass[39m=[32m"lucide lucide-shield-check h-3.5 w-3.5"[39m
                      [33mfill[39m=[32m"none"[39m
                      [33mheight[39m=[32m"24"[39m
                      [33mstroke[39m=[32m"currentColor"[39m
                      [33mstroke-linecap[39m=[32m"round"[39m
                      [33mstroke-linejoin[39m=[32m"round"[39m
                      [33mstroke-width[39m=[32m"2"[39m
                      [33mviewBox[39m=[32m"0 0 24 24"[39m
                      [33mwidth[39m=[32m"24"[39m
                      [33mxmlns[39m=[32m"http://www.w3.org/2000/svg"[39m
                    [36m>[39m
                      [36m<path[39m
                        [33md[39m=[32m"M20 13c0 5-3.5 7.5-7.66 8.95a1 1 0 0 1-.67-.01C7.5 20.5 4 18 4 13V6a1 1 0 0 
1 1-1c2 0 4.5-1.2 6.24-2.72a1.17 1.17 0 0 1 1.52 0C14.51 3.81 17 5 1...
[36m [2mÔØ»[22m waitFor.timeout src/components/tracker/Tracker.test.tsx:[2m129:27[22m[39m
    [90m127|[39m     [90m// Verify that the error toast is called[39m
    [90m128|[39m     [35mawait[39m [34mwaitFor[39m(() [33m=>[39m {
    [90m129|[39m       expect(toast.error).toHaveBeenCalledWith(expect.stringContainingÔÇª
    [90m   |[39m                           [31m^[39m
    [90m130|[39m     }[33m,[39m { timeout[33m:[39m [34m2000[39m })[33m;[39m
    [90m131|[39m   })[33m;[39m
[90m [2mÔØ»[22m runWithExpensiveErrorDiagnosticsDisabled 
node_modules/@testing-library/dom/dist/config.js:[2m47:12[22m[39m
[90m [2mÔØ»[22m checkCallback node_modules/@testing-library/dom/dist/wait-for.js:[2m124:77[22m[39m
[90m [2mÔØ»[22m Timeout.checkRealTimersCallback 
node_modules/@testing-library/dom/dist/wait-for.js:[2m118:16[22m[39m

[31m[2mÔÄ»ÔÄ»ÔÄ»ÔÄ»ÔÄ»ÔÄ»ÔÄ»ÔÄ»ÔÄ»ÔÄ»ÔÄ»ÔÄ»ÔÄ»ÔÄ»ÔÄ»ÔÄ»ÔÄ»ÔÄ»ÔÄ»ÔÄ»ÔÄ»ÔÄ»ÔÄ»ÔÄ»[1/3]ÔÄ»[22m[39m

[41m[1m FAIL [22m[49m src/components/tracker/Tracker.test.tsx[2m > [22mTracker Component[2m > [22mshould show 
GDPR portability and erasure options in history
[31m[1mTestingLibraryElementError[22m[39m: Unable to find an element by: [data-testid="export-history-btn"]

Ignored nodes: comments, script, style
[36m<body>[39m
  [36m<div>[39m
    [36m<div[39m
      [33mclass[39m=[32m"space-y-6 pb-24"[39m
    [36m>[39m
      [36m<div[39m
        [33mclass[39m=[32m"flex items-center justify-between"[39m
      [36m>[39m
        [36m<div>[39m
          [36m<h2[39m
            [33mclass[39m=[32m"text-xl font-bold text-slate-900 dark:text-white"[39m
          [36m>[39m
            [0mDriving Log[0m
          [36m</h2>[39m
          [36m<p[39m
            [33mclass[39m=[32m"mt-1 text-sm text-slate-500 dark:text-slate-400"[39m
          [36m>[39m
            [0mTrack your driving lessons[0m
          [36m</p>[39m
        [36m</div>[39m
        [36m<div[39m
          [33mclass[39m=[32m"flex p-1 bg-slate-100 dark:bg-slate-800 rounded-2xl w-fit"[39m
        [36m>[39m
          [36m<button[39m
            [33mclass[39m=[32m"px-6 py-2 text-sm font-bold rounded-xl transition-all bg-white dark:bg-slate-700 
text-blue-600 dark:text-blue-400 shadow-sm"[39m
            [33mdata-testid[39m=[32m"tab-tracker"[39m
          [36m>[39m
            [0mTracker[0m
          [36m</button>[39m
          [36m<button[39m
            [33mclass[39m=[32m"px-6 py-2 text-sm font-bold rounded-xl transition-all text-slate-500 
hover:text-slate-700 dark:text-slate-400 dark:hover:text-slate-300"[39m
            [33mdata-testid[39m=[32m"tab-history"[39m
          [36m>[39m
            [0mHistory[0m
          [36m</button>[39m
        [36m</div>[39m
      [36m</div>[39m
      [36m<div[39m
        [33mclass[39m=[32m"space-y-6"[39m
      [36m>[39m
        [36m<div[39m
          [33mclass[39m=[32m"rounded-2xl border border-slate-100 bg-white p-4 shadow-sm dark:border-slate-700/50 
dark:bg-slate-800"[39m
        [36m>[39m
          [36m<div[39m
            [33mclass[39m=[32m"flex items-center justify-between"[39m
          [36m>[39m
            [36m<div[39m
              [33mclass[39m=[32m"flex items-center gap-3"[39m
            [36m>[39m
              [36m<div[39m
                [33mclass[39m=[32m"flex h-10 w-10 items-center justify-center rounded-xl bg-green-50 text-green-600 
dark:bg-green-900/30 dark:text-green-400"[39m
              [36m>[39m
                [36m<span[39m
                  [33mclass[39m=[32m"text-xl font-bold"[39m
                [36m>[39m
                  [0mÔé¼[0m
                [36m</span>[39m
              [36m</div>[39m
              [36m<div>[39m
                [36m<p[39m
                  [33mclass[39m=[32m"text-xs font-semibold uppercase tracking-wider text-slate-500 
dark:text-slate-400"[39m
                [36m>[39m
                  [0mDriving School Rate[0m
                [36m</p>[39m
                [36m<button[39m
                  [33mclass[39m=[32m"mt-0.5 text-lg font-black text-slate-900 hover:text-blue-500 dark:text-white 
dark:hover:text-blue-400"[39m
                [36m>[39m
                  [0mÔé¼[0m
                  [0m60.00[0m
                  [0m [0m
                  [36m<span[39m
                    [33mclass[39m=[32m"text-xs font-bold text-slate-400"[39m
                  [36m>[39m
                    [0m/ 45 min[0m
                  [36m</span>[39m
                [36m</button>[39m
              [36m</div>[39m
            [36m</div>[39m
          [36m</div>[39m
        [36m</div>[39m
        [36m<div[39m
          [33mclass[39m=[32m"relative overflow-hidden rounded-2xl bg-gradient-to-r from-slate-900 to-slate-800 p-5 
text-white shadow-xl dark:from-slate-800 dark:to-slate-900"[39m
        [36m>[39m
          [36m<div[39m
            [33mclass[39m=[32m"flex items-center justify-between"[39m
          [36m>[39m
            [36m<div[39m
              [33mclass[39m=[32m"flex items-center gap-2"[39m
            [36m>[39m
              [36m<svg[39m
                [33maria-hidden[39m=[32m"true"[39m
                [33mclass[39m=[32m"lucide lucide-clock h-5 w-5 text-slate-300"[39m
                [33mfill[39m=[32m"none"[39m
                [33mheight[39m=[32m"24"[39m
                [33mstroke[39m=[32m"currentColor"[39m
                [33mstroke-linecap[39m=[32m"round"[39m
                [33mstroke-linejoin[39m=[32m"round"[39m
                [33mstroke-width[39m=[32m"2"[39m
                [33mviewBox[39m=[32m"0 0 24 24"[39m
                [33mwidth[39m=[32m"24"[39m
                [33mxmlns[39m=[32m"http://www.w3.org/2000/svg"[39m
              [36m>[39m
                [36m<circle[39m
                  [33mcx[39m=[32m"12"[39m
                  [33mcy[39m=[32m"12"[39m
                  [33mr[39m=[32m"10"[39m
                [36m/>[39m
                [36m<path[39m
                  [33md[39m=[32m"M12 6v6l4 2"[39m
                [36m/>[39m
              [36m</svg>[39m
              [36m<h3[39m
                [33mclass[39m=[32m"font-semibold"[39m
              [36m>[39m
                [0mLive Drive Timer[0m
              [36m</h3>[39m
            [36m</div>[39m
            [36m<div[39m
              [33mclass[39m=[32m"flex items-center gap-3"[39m
            [36m>[39m
              [36m<div[39m
                [33mclass[39m=[32m"flex items-center gap-2 mr-2"[39m
              [36m>[39m
                [36m<button[39m
                  [33mclass[39m=[32m"flex h-6 w-6 items-center justify-center rounded-lg bg-slate-700/50 
text-slate-300 transition-all hover:bg-slate-700 hover:text-white"[39m
                  [33mtitle[39m=[32m"Privacy & AI Transparency"[39m
                [36m>[39m
                  [36m<svg[39m
                    [33maria-hidden[39m=[32m"true"[39m
                    [33mclass[39m=[32m"lucide lucide-shield-check h-3.5 w-3.5"[39m
                    [33mfill[39m=[32m"none"[39m
                    [33mheight[39m=[32m"24"[39m
                    [33mstroke[39m=[32m"currentColor"[39m
                    [33mstroke-linecap[39m=[32m"round"[39m
                    [33mstroke-linejoin[39m=[32m"round"[39m
                    [33mstroke-width[39m=[32m"2"[39m
                    [33mviewBox[39m=[32m"0 0 24 24"[39m
                    [33mwidth[39m=[32m"24"[39m
                    [33mxmlns[39m=[32m"http://www.w3.org/2000/svg"[39m
                  [36m>[39m
                    [36m<path[39m
                      [33md[39m=[32m"M20 13c0 5-3.5 7.5-7.66 8.95a1 1 0 0 1-.67-.01C7.5 20.5 4 18 4 13V6a1 1 0 0 1 
1-1c2 0 4.5-1.2 6.24-2.72a1.17 1.17 0 0 1 1.52 0C14.51 3.81 17 5 19 5a1 1 0 0 1 1 1z"[39m
                    [36m/>[39m
                    [36m<path[39m
                      [33md[39m=[32m"m9 12 2 2 4-4"[39m
                    [36m/>[39m
                  [36m</svg>[39m
                [36m</button>[39m
                [36m<span[39m
                  [33mclass[39m=[32m"text-[9px] font-bold uppercase tracking-widest text-slate-500"[39m
                [36m>[39m
                  [0mDemo Mode[0m
                [36m</span>[39m
                [36m<button[39m
                  [33mclass[39m=[32m"relative h-4 w-8 rounded-full transition-colors bg-slate-700"[39m
                  [33mdata-testid[39m=[32m"sim-toggle"[39m
                [36m>[39m
                  [36m<div[39m
                    [33mclass[39m=[32m"absolute top-0.5 h-3 w-3 rounded-full bg-white transition-all left-0.5"[39m
                  [36m/>[39m
                [36m</button>[39m
              [36m</div>[39m
            [36m</div>[39m
          [36m</div>[39m
          [36m<div[39m
            [33mclass[39m=[32m"mt-4 px-1"[39m
          [36m>[39m
            [36m<div[39m
              [33mclass[39m=[32m"relative group"[39m
            [36m>[39m
              [36m<input[39m
                [33mclass[39m=[32m"w-full rounded-xl bg-white/5 border border-white/10 pl-10 pr-28 py-2.5 text-sm 
text-white placeholder:text-slate-400/60 focus:bg-white/10 focus:border-indigo-500/50 outline-none transition-all 
placeholder:text-[10px] sm:placeholder:text-sm"[39m
                [33mplaceholder[39m=[32m"Destination (e.g. Berlin Hbf)"[39m
                [33mtype[39m=[32m"text"[39m
                [33mvalue[39m=[32m""[39m
              [36m/>[39m
              [36m<svg[39m
                [33maria-hidden[39m=[32m"true"[39m
                [33mclass[39m=[32m"lucide lucide-search absolute left-3.5 top-3 h-4 w-4 text-slate-400 
group-hover:text-indigo-400 transition-colors"[39m
                [33mfill[39m=[32m"none"[39m
                [33mheight[39m=[32m"24"[39m
                [33mstroke[39m=[32m"currentColor"[39m
                [33mstroke-linecap[39m=[32m"round"[39m
                [33mstroke-linejoin[39m=[32m"round"[39m
                [33mstroke-width[39m=[32m"2"[39m
                [33mviewBox[39m=[32m"0 0 24 24"[39m
                [33mwidth[39m=[32m"24"[39m
                [33mxmlns[39m=[32m"http://www.w3.org/2000/svg"[39m
              [36m>[39m
                [36m<path[39m
                  [33md[39m=[32m"m21 21-4.34-4.34"[39m
                [36m/>[39m
                [36m<circle[39m
                  [33mcx[39m=[32m"11"[39m
                  [33mcy[39m=[32m"11"[39m
                  [33mr[39m=[32m"8"[39m
                [36m/>[39m
              [36m</svg>[39m
              [36m<button[39m
                [33mclass[39m=[32m"absolute right-2 top-1.5 rounded-lg bg-indigo-600 px-3 py-1 text-[10px] 
font-bold text-white hover:bg-indigo-500 transition-all border border-indigo-400/20 shadow-lg 
shadow-indigo-500/20"[39m
              [36m>[39m
                [0mSEARCH[0m
              [36m</button>[39m
            [36m</div>[39m
          [36m</div>[39m
          [36m<div[39m
            [33mclass[39m=[32m"my-4 flex flex-col items-center"[39m
          [36m>[39m
            [36m<div[39m
              [33mclass[39m=[32m"text-5xl font-bold tracking-tighter"[39m
            [36m>[39m
              [0m00:00:00[0m
            [36m</div>[39m
          [36m</div>[39m
          [36m<div[39m
            [33mclass[39m=[32m"mt-4 grid w-full grid-cols-3 gap-2 border-t border-white/10 pt-4"[39m
          [36m>[39m
            [36m<div[39m
              [33mclass[39m=[32m"text-center"[39m
            [36m>[39m
              [36m<p[39m
                [33mclass[39m=[32m"text-[10px] font-bold uppercase tracking-widest text-slate-400"[39m
              [36m>[39m
                [0mDist.[0m
              [36m</p>[39m
              [36m<p[39m
                [33mclass[39m=[32m"text-lg font-bold"[39m
              [36m>[39m
                [0m0.0[0m
                [0m [0m
                [36m<span[39m
                  [33mclass[39m=[32m"text-xs font-medium opacity-60"[39m
                [36m>[39m
                  [0mkm[0m
                [36m</span>[39m
              [36m</p>[39m
            [36m</div>[39m
            [36m<div[39m
              [33mclass[39m=[32m"text-center border-l border-white/10"[39m
            [36m>[39m
              [36m<p[39m
                [33mclass[39m=[32m"text-[10px] font-bold uppercase tracking-widest text-slate-400"[39m
              [36m>[39m
                [0mSpeed[0m
              [36m</p>[39m
              [36m<p[39m
                [33mclass[39m=[32m"text-lg font-bold"[39m
              [36m>[39m
                [0m0[0m
                [0m [0m
                [36m<span[39m
                  [33mclass[39m=[32m"text-xs font-medium opacity-60"[39m
                [36m>[39m
                  [0mkm/h[0m
                [36m</span>[39m
              [36m</p>[39m
            [36m</div>[39m
            [36m<div[39m
              [33mclass[39m=[32m"text-center border-l border-white/10"[39m
            [36m>[39m
              [36m<p[39m
                [33mclass[39m=[32m"text-[10px] font-bold uppercase tracking-widest text-slate-400"[39m
              [36m>[39m
                [0mLimit[0m
              [36m</p>[39m
              [36m<div[39m
                [33mclass[39m=[32m"text-lg font-bold flex items-center justify-center gap-1 text-white"[39m
              [36m>[39m
                [0m--[0m
              [36m</div>[39m
            [36m</div>[39m
          [36m</div>[39m
          [36m<div[39m
            [33mclass[39m=[32m"mt-6 grid grid-cols-2 gap-3"[39m
          [36m>[39m
            [36m<button[39m
              [33mclass[39m=[32m"inline-flex items-center justify-center gap-2 rounded-xl px-4 py-3 text-sm 
font-bold text-white transition-all shadow-lg active:scale-95 bg-green-500/90 hover:bg-green-600 
shadow-green-500/20"[39m
              [33mdata-testid[39m=[32m"start-tracking-btn"[39m
            [36m>[39m
              [36m<svg[39m
                [33maria-hidden[39m=[32m"true"[39m
                [33mclass[39m=[32m"lucide lucide-play h-4 w-4"[39m
                [33mfill[39m=[32m"none"[39m
                [33mheight[39m=[32m"24"[39m
                [33mstroke[39m=[32m"currentColor"[39m
                [33mstroke-linecap[39m=[32m"round"[39m
                [33mstroke-linejoin[39m=[32m"round"[39m
                [33mstroke-width[39m=[32m"2"[39m
                [33mviewBox[39m=[32m"0 0 24 24"[39m
                [33mwidth[39m=[32m"24"[39m
                [33mxmlns[39m=[32m"http://www.w3.org/2000/svg"[39m
              [36m>[39m
                [36m<path[39m
                  [33md[39m=[32m"M5 5a2 2 0 0 1 3.008-1.728l11.997 6.998a2 2 0 0 1 .003 3.458l-12 7A2 2 0 0 1 5 
19z"[39m
                [36m/>[39m
              [36m</svg>[39m
              [0mStart Live[0m
            [36m</button>[39m
            [36m<button[39m
              [33mclass[39m=[32m"inline-flex items-center justify-center gap-2 rounded-xl bg-red-500/90 
backdrop-blur-md px-4 py-3 text-sm font-bold text-white transition-all hover:bg-red-600 disabled:opacity-50 
disabled:cursor-not-allowed shadow-lg shadow-red-500/20 active:scale-95"[39m
              [33mdata-testid[39m=[32m"stop-tracking-btn"[39m
              [33mdisabled[39m=[32m""[39m
            [36m>[39m
              [36m<svg[39m
                [33maria-hidden[39m=[32m"true"[39m
                [33mclass[39m=[32m"lucide lucide-square h-4 w-4"[39m
                [33mfill[39m=[32m"none"[39m
                [33mheight[39m=[32m"24"[39m
                [33mstroke[39m=[32m"currentColor"[39m
                [33mstroke-linecap[39m=[32m"round"[39m
                [33mstroke-linejoin[39m=[32m"round"[39m
                [33mstroke-width[39m=[32m"2"[39m
                [33mviewBox[39m=[32m"0 0 24 24"[39m
                [33mwidth[39m=[32m"24"[39m
                [33mxmlns[39m=[32m"http://www.w3.org/2000/svg"[39m
              [36m>[39m
                [36m<rect[39m
                  [33mheight[39m=[32m"18"[39m
                  [33mrx[39m=[32m"2"[39m
                  [33mwidth[39m=[32m"18"[39m
                  [33mx[39m=[32m"3"[39m

[2m Test Files [22m [1m[31m1 failed[39m[22m[90m (1)[39m
[2m      Tests [22m [1m[31m3 failed[39m[22m[2m | [22m[1m[32m1 passed[39m[22m[90m (4)[39m
[2m     Errors [22m [1m[31m1 error[39m[22m
[2m   Start at [22m 21:57:59
[2m   Duration [22m 10.16s[2m (transform 883ms, setup 472ms, import 2.15s, tests 2.51s, environment 3.11s)[22m

                  [33my[39m=[32m"3"[39m
                [36m/>[39m
              [36m</svg>[39m
              [0mStop & Save[0m
            [36m</button>[39m
          [36m</div>[39m
        [36m</div>[39m
      [36m</div>[39m
    [36m</div>[39m
  [36m</div>[39m
[36m</body>[39m
[90m [2mÔØ»[22m Object.getElementError node_modules/@testing-library/dom/dist/config.js:[2m37:19[22m[39m
[90m [2mÔØ»[22m node_modules/@testing-library/dom/dist/query-helpers.js:[2m76:38[22m[39m
[90m [2mÔØ»[22m node_modules/@testing-library/dom/dist/query-helpers.js:[2m52:17[22m[39m
[90m [2mÔØ»[22m node_modules/@testing-library/dom/dist/query-helpers.js:[2m95:19[22m[39m
[36m [2mÔØ»[22m src/components/tracker/Tracker.test.tsx:[2m164:19[22m[39m
    [90m162|[39m
    [90m163|[39m     [90m// Check for GDPR buttons[39m
    [90m164|[39m     expect(screen.getByTestId('export-history-btn')).toBeInTheDocumentÔÇª
    [90m   |[39m                   [31m^[39m
    [90m165|[39m     [34mexpect[39m(screen[33m.[39m[34mgetByTestId[39m([32m'purge-data-btn'[39m))[33m.[39m
[34mtoBeInTheDocument[39m()[33m;[39m
    [90m166|[39m   })[33m;[39m

[31m[2mÔÄ»ÔÄ»ÔÄ»ÔÄ»ÔÄ»ÔÄ»ÔÄ»ÔÄ»ÔÄ»ÔÄ»ÔÄ»ÔÄ»ÔÄ»ÔÄ»ÔÄ»ÔÄ»ÔÄ»ÔÄ»ÔÄ»ÔÄ»ÔÄ»ÔÄ»ÔÄ»ÔÄ»[2/3]ÔÄ»[22m[39m

[41m[1m FAIL [22m[49m src/components/tracker/Tracker.test.tsx[2m > [22mTracker Component[2m > [22mshould 
trigger JSON export when export button is clicked
[31m[1mHierarchyRequestError[22m: The operation would yield an incorrect node tree.[39m
[31m[2mÔÄ»ÔÄ»ÔÄ»ÔÄ»ÔÄ»ÔÄ»ÔÄ»ÔÄ»ÔÄ»ÔÄ»ÔÄ»ÔÄ»ÔÄ»ÔÄ»ÔÄ»ÔÄ»ÔÄ»ÔÄ»ÔÄ»ÔÄ»ÔÄ»ÔÄ»ÔÄ»ÔÄ»[3/3]ÔÄ»[22m[39m

[31mÔÄ»ÔÄ»ÔÄ»ÔÄ»ÔÄ»ÔÄ»[39m[1m[41m Unhandled Errors [49m[22m[31mÔÄ»ÔÄ»ÔÄ»ÔÄ»ÔÄ»ÔÄ»[39m
[31m[1m
Vitest caught 1 unhandled error during the test run.
This might cause false positive tests. Resolve unhandled errors to make sure your tests are not affected.[22m[39m

[31mÔÄ»ÔÄ»ÔÄ»ÔÄ»ÔÄ»[39m[1m[41m Uncaught Exception [49m[22m[31mÔÄ»ÔÄ»ÔÄ»ÔÄ»ÔÄ»[39m
[31m[1mTypeError[22m: setActiveTab is not a function[39m
[36m [2mÔØ»[22m onClick src/components/tracker/Tracker.tsx:[2m1537:28[22m[39m
    [90m1535|[39m           </button>
    [90m1536|[39m           <button
    [90m1537|[39m             onClick={() => setActiveTab('history')}
    [90m   |[39m                            [31m^[39m
    [90m1538|[39m             data-testid="tab-history"
    [90m1539|[39m             className={cn(
[90m [2mÔØ»[22m executeDispatch node_modules/react-dom/cjs/react-dom-client.development.js:[2m19116:9[22m[39m
[90m [2mÔØ»[22m runWithFiberInDEV node_modules/react-dom/cjs/react-dom-client.development.js:[2m874:13[22m[39m
[90m [2mÔØ»[22m processDispatchQueue 
node_modules/react-dom/cjs/react-dom-client.development.js:[2m19166:19[22m[39m
[90m [2mÔØ»[22m node_modules/react-dom/cjs/react-dom-client.development.js:[2m19767:9[22m[39m
[90m [2mÔØ»[22m batchedUpdates$1 node_modules/react-dom/cjs/react-dom-client.development.js:[2m3255:40[22m[39m
[90m [2mÔØ»[22m dispatchEventForPluginEventSystem 
node_modules/react-dom/cjs/react-dom-client.development.js:[2m19320:7[22m[39m
[90m [2mÔØ»[22m dispatchEvent node_modules/react-dom/cjs/react-dom-client.development.js:[2m23585:11[22m[39m
[90m [2mÔØ»[22m dispatchDiscreteEvent 
node_modules/react-dom/cjs/react-dom-client.development.js:[2m23553:11[22m[39m
[90m [2mÔØ»[22m HTMLDivElement.callTheUserObjectsOperation 
node_modules/jsdom/lib/generated/idl/EventListener.js:[2m26:30[22m[39m

[31mThis error originated in "[1msrc/components/tracker/Tracker.test.tsx[22m" test file. It doesn't mean the error 
was thrown inside the file itself, but while it was running.[39m
[31mThe latest test that might've caused the error is "[1mshould show GDPR portability and erasure options in 
history[22m". It might mean one of the following:
- The error was thrown, while Vitest was running this test.
- If the error occurred after the test had been completed, this was the last documented test before it was thrown.[39m
[31mÔÄ»ÔÄ»ÔÄ»ÔÄ»ÔÄ»ÔÄ»ÔÄ»ÔÄ»ÔÄ»ÔÄ»ÔÄ»ÔÄ»ÔÄ»ÔÄ»ÔÄ»ÔÄ»ÔÄ»ÔÄ»ÔÄ»ÔÄ»ÔÄ»ÔÄ»ÔÄ»ÔÄ»ÔÄ»ÔÄ»ÔÄ»ÔÄ»ÔÄ»ÔÄ»[39m

