
> react-vite-tailwind@0.0.47 build
> npm run lint && npm run typecheck && npm run test && node ./scripts/migrate.js && node node_modules/vite/bin/vite.js build


> react-vite-tailwind@0.0.47 lint
> eslint .

node.exe : (node:22384) ESLintIgnoreWarning: The ".eslintignore" file is no longer supported. Switch to using the 
"ignores" property in "eslint.config.js": https://eslint.org/docs/latest/use/configure/migration-guide#ignoring-files
At line:1 char:1
+ & "C:\Program Files\nodejs/node.exe" "C:\Program Files\nodejs/node_mo ...
+ ~~~~~~~~~~~~~~~~~~~~~~~~~~~~~~~~~~~~~~~~~~~~~~~~~~~~~~~~~~~~~~~~~~~~~
    + CategoryInfo          : NotSpecified: ((node:22384) ES...#ignoring-files:String) [], RemoteException
    + FullyQualifiedErrorId : NativeCommandError
 
(Use `node --trace-warnings ...` to show where the warning was created)

C:\Users\abhij\OneDrive\Documents\DriveDE\src\App.tsx
  117:38   warning  Unexpected any. Specify a different type  @typescript-eslint/no-explicit-any
  118:18   warning  'e' is defined but never used             @typescript-eslint/no-unused-vars
  128:22   warning  Unexpected any. Specify a different type  @typescript-eslint/no-explicit-any
  369:30   warning  Unexpected any. Specify a different type  @typescript-eslint/no-explicit-any
  369:74   warning  Unexpected any. Specify a different type  @typescript-eslint/no-explicit-any
  375:30   warning  Unexpected any. Specify a different type  @typescript-eslint/no-explicit-any
  630:100  warning  Unexpected any. Specify a different type  @typescript-eslint/no-explicit-any
  630:151  warning  Unexpected any. Specify a different type  @typescript-eslint/no-explicit-any

C:\Users\abhij\OneDrive\Documents\DriveDE\src\components\auth\Account.tsx
  120:14  warning  'error' is defined but never used  @typescript-eslint/no-unused-vars
  213:28  warning  'e' is defined but never used      @typescript-eslint/no-unused-vars

C:\Users\abhij\OneDrive\Documents\DriveDE\src\components\auth\LicenseSelector.tsx
   86:44  warning  Unexpected any. Specify a different type  @typescript-eslint/no-explicit-any
  165:67  warning  Unexpected any. Specify a different type  @typescript-eslint/no-explicit-any

C:\Users\abhij\OneDrive\Documents\DriveDE\src\components\auth\PathSelectorModal.tsx
  27:31  warning  Unexpected any. Specify a different type  @typescript-eslint/no-explicit-any

C:\Users\abhij\OneDrive\Documents\DriveDE\src\components\auth\Welcome.tsx
  327:51  warning  Unexpected any. Specify a different type  @typescript-eslint/no-explicit-any
  346:51  warning  Unexpected any. Specify a different type  @typescript-eslint/no-explicit-any

C:\Users\abhij\OneDrive\Documents\DriveDE\src\components\common\AchievementOverlay.tsx
  34:25  warning  Unexpected any. Specify a different type  @typescript-eslint/no-explicit-any

C:\Users\abhij\OneDrive\Documents\DriveDE\src\components\layout\Header.tsx
  13:23  warning  Unexpected any. Specify a different type  @typescript-eslint/no-explicit-any

C:\Users\abhij\OneDrive\Documents\DriveDE\src\components\maneuvers\AnimatedManeuver.tsx
  148:6  warning  Unexpected any. Specify a different type  @typescript-eslint/no-explicit-any

C:\Users\abhij\OneDrive\Documents\DriveDE\src\components\maneuvers\ExamSimulation.tsx
  32:41  warning  Unexpected any. Specify a different type  @typescript-eslint/no-explicit-any

C:\Users\abhij\OneDrive\Documents\DriveDE\src\components\maneuvers\InstructorReview.tsx
  109:94  warning  Unexpected any. Specify a different type  @typescript-eslint/no-explicit-any
  347:35  warning  Unexpected any. Specify a different type  @typescript-eslint/no-explicit-any
  357:44  warning  Unexpected any. Specify a different type  @typescript-eslint/no-explicit-any
  687:40  warning  Unexpected any. Specify a different type  @typescript-eslint/no-explicit-any
  725:49  warning  Unexpected any. Specify a different type  @typescript-eslint/no-explicit-any
  794:25  warning  Unexpected any. Specify a different type  @typescript-eslint/no-explicit-any

C:\Users\abhij\OneDrive\Documents\DriveDE\src\components\maneuvers\InteractiveExamSimulation.tsx
   71:39  warning  Unexpected any. Specify a different type  @typescript-eslint/no-explicit-any
  217:52  warning  Unexpected any. Specify a different type  @typescript-eslint/no-explicit-any

C:\Users\abhij\OneDrive\Documents\DriveDE\src\components\tracker\NavigationHUD.tsx
  238:3  warning  React Hook useMemo has a missing dependency: 'gpsPoints'. Either include it or remove the dependency array  react-hooks/exhaustive-deps
  247:3  warning  React Hook useMemo has a missing dependency: 'gpsPoints'. Either include it or remove the dependency array  react-hooks/exhaustive-deps

C:\Users\abhij\OneDrive\Documents\DriveDE\src\components\tracker\Tracker.test.tsx
   89:38  warning  'whileInView' is defined but never used   @typescript-eslint/no-unused-vars
   89:51  warning  'viewport' is defined but never used      @typescript-eslint/no-unused-vars
   89:61  warning  'transition' is defined but never used    @typescript-eslint/no-unused-vars
   89:85  warning  Unexpected any. Specify a different type  @typescript-eslint/no-explicit-any
   94:18  warning  Unexpected any. Specify a different type  @typescript-eslint/no-explicit-any
  103:40  warning  Unexpected any. Specify a different type  @typescript-eslint/no-explicit-any
  104:38  warning  Unexpected any. Specify a different type  @typescript-eslint/no-explicit-any
  105:37  warning  Unexpected any. Specify a different type  @typescript-eslint/no-explicit-any
  107:37  warning  Unexpected any. Specify a different type  @typescript-eslint/no-explicit-any

C:\Users\abhij\OneDrive\Documents\DriveDE\src\components\tracker\Tracker.tsx
   328:35  warning  Unexpected any. Specify a different type                                                                                         @typescript-eslint/no-explicit-any
   329:35  warning  Unexpected any. Specify a different type                                                                                         @typescript-eslint/no-explicit-any
   503:51  warning  Unexpected any. Specify a different type                                                                                         @typescript-eslint/no-explicit-any
  1116:45  warning  Unexpected any. Specify a different type                                                                                         @typescript-eslint/no-explicit-any
  1185:39  warning  Unexpected any. Specify a different type                                                                                         @typescript-eslint/no-explicit-any
  1306:6   warning  React Hook useEffect has a missing dependency: 'userProgress.drivingSessions'. Either include it or remove the dependency array  react-hooks/exhaustive-deps
  1458:59  warning  Unexpected any. Specify a different type                                                                                         @typescript-eslint/no-explicit-any
  1681:39  warning  Unexpected any. Specify a different type                                                                                         @typescript-eslint/no-explicit-any
  1681:44  warning  Unexpected any. Specify a different type                                                                                         @typescript-eslint/no-explicit-any
  1682:38  warning  Unexpected any. Specify a different type                                                                                         @typescript-eslint/no-explicit-any
  2269:30  warning  'e' is defined but never used                                                                                                    @typescript-eslint/no-unused-vars
  2310:66  warning  Unexpected any. Specify a different type                                                                                         @typescript-eslint/no-explicit-any
  2484:51  warning  Unexpected any. Specify a different type                                                                                         @typescript-eslint/no-explicit-any
  2648:49  warning  Unexpected any. Specify a different type                                                                                         @typescript-eslint/no-explicit-any

C:\Users\abhij\OneDrive\Documents\DriveDE\src\data\curriculum.ts
   11:72  warning  Unexpected any. Specify a different type  @typescript-eslint/no-explicit-any
   12:72  warning  Unexpected any. Specify a different type  @typescript-eslint/no-explicit-any
   18:58  warning  Unexpected any. Specify a different type  @typescript-eslint/no-explicit-any
   23:51  warning  Unexpected any. Specify a different type  @typescript-eslint/no-explicit-any
   27:63  warning  Unexpected any. Specify a different type  @typescript-eslint/no-explicit-any
   35:58  warning  Unexpected any. Specify a different type  @typescript-eslint/no-explicit-any
   40:51  warning  Unexpected any. Specify a different type  @typescript-eslint/no-explicit-any
   44:63  warning  Unexpected any. Specify a different type  @typescript-eslint/no-explicit-any
   69:56  warning  Unexpected any. Specify a different type  @typescript-eslint/no-explicit-any
   78:59  warning  Unexpected any. Specify a different type  @typescript-eslint/no-explicit-any
   91:82  warning  Unexpected any. Specify a different type  @typescript-eslint/no-explicit-any
   92:82  warning  Unexpected any. Specify a different type  @typescript-eslint/no-explicit-any
  106:60  warning  Unexpected any. Specify a different type  @typescript-eslint/no-explicit-any
  107:60  warning  Unexpected any. Specify a different type  @typescript-eslint/no-explicit-any
  110:58  warning  Unexpected any. Specify a different type  @typescript-eslint/no-explicit-any
  116:61  warning  Unexpected any. Specify a different type  @typescript-eslint/no-explicit-any
  123:56  warning  Unexpected any. Specify a different type  @typescript-eslint/no-explicit-any
  125:38  warning  Unexpected any. Specify a different type  @typescript-eslint/no-explicit-any
  132:58  warning  Unexpected any. Specify a different type  @typescript-eslint/no-explicit-any
  138:61  warning  Unexpected any. Specify a different type  @typescript-eslint/no-explicit-any
  145:56  warning  Unexpected any. Specify a different type  @typescript-eslint/no-explicit-any
  147:38  warning  Unexpected any. Specify a different type  @typescript-eslint/no-explicit-any
  176:49  warning  Unexpected any. Specify a different type  @typescript-eslint/no-explicit-any
  177:49  warning  Unexpected any. Specify a different type  @typescript-eslint/no-explicit-any
  181:17  warning  Unexpected any. Specify a different type  @typescript-eslint/no-explicit-any
  189:53  warning  Unexpected any. Specify a different type  @typescript-eslint/no-explicit-any
  199:68  warning  Unexpected any. Specify a different type  @typescript-eslint/no-explicit-any
  209:62  warning  Unexpected any. Specify a different type  @typescript-eslint/no-explicit-any
  219:77  warning  Unexpected any. Specify a different type  @typescript-eslint/no-explicit-any
  239:52  warning  Unexpected any. Specify a different type  @typescript-eslint/no-explicit-any
  247:42  warning  Unexpected any. Specify a different type  @typescript-eslint/no-explicit-any
  269:16  warning  Unexpected any. Specify a different type  @typescript-eslint/no-explicit-any
  269:25  warning  Unexpected any. Specify a different type  @typescript-eslint/no-explicit-any
  271:59  warning  Unexpected any. Specify a different type  @typescript-eslint/no-explicit-any
  272:59  warning  Unexpected any. Specify a different type  @typescript-eslint/no-explicit-any

C:\Users\abhij\OneDrive\Documents\DriveDE\src\services\AnalyticsService.ts
   19:16  warning  Unexpected any. Specify a different type  @typescript-eslint/no-explicit-any
   20:21  warning  Unexpected any. Specify a different type  @typescript-eslint/no-explicit-any
   21:10  warning  Unexpected any. Specify a different type  @typescript-eslint/no-explicit-any
   90:29  warning  Unexpected any. Specify a different type  @typescript-eslint/no-explicit-any
  112:16  warning  Unexpected any. Specify a different type  @typescript-eslint/no-explicit-any
  135:25  warning  Unexpected any. Specify a different type  @typescript-eslint/no-explicit-any
  137:14  warning  Unexpected any. Specify a different type  @typescript-eslint/no-explicit-any
  137:39  warning  Unexpected any. Specify a different type  @typescript-eslint/no-explicit-any
  168:23  warning  Unexpected any. Specify a different type  @typescript-eslint/no-explicit-any

C:\Users\abhij\OneDrive\Documents\DriveDE\src\services\auth.ts
  79:19  warning  Unexpected any. Specify a different type  @typescript-eslint/no-explicit-any

C:\Users\abhij\OneDrive\Documents\DriveDE\src\services\supabaseSync.test.ts
   59:112  warning  Unexpected any. Specify a different type  @typescript-eslint/no-explicit-any
   63:73   warning  Unexpected any. Specify a different type  @typescript-eslint/no-explicit-any
  102:10   warning  Unexpected any. Specify a different type  @typescript-eslint/no-explicit-any

C:\Users\abhij\OneDrive\Documents\DriveDE\tests\mobile_ux.spec.ts
  7:29  warning  Unexpected any. Specify a different type  @typescript-eslint/no-explicit-any

Ô£û 101 problems (0 errors, 101 warnings)


> react-vite-tailwind@0.0.47 typecheck
> node node_modules/typescript/bin/tsc --noEmit


> react-vite-tailwind@0.0.47 test
> vitest run


[1m[30m[46m RUN [49m[39m[22m [36mv4.1.5 [39m[90mC:/Users/abhij/OneDrive/Documents/DriveDE[39m

 [32mÔ£ô[39m src/utils/session.test.ts [2m([22m[2m4 tests[22m[2m)[22m[32m 19[2mms[22m[39m
[90mstdout[2m | src/services/supabaseSync.test.ts[2m > [22m[2msupabaseSync[2m > [22m[2mshould add to queue when sync fails
[22m[39m[DB-Sync] Starting profile sync for user: user_123

[90mstderr[2m | src/services/supabaseSync.test.ts[2m > [22m[2msupabaseSync[2m > [22m[2mshould add to queue 
when sync fails
[22m[39m[DB-Sync] FAILED to sync profile: Network Error

[90mstdout[2m | src/services/supabaseSync.test.ts[2m > [22m[2msupabaseSync[2m > [22m[2mshould add to queue when sync fails
[22m[39m[SyncQueue] Task added: profile. Queue length: 1

[90mstdout[2m | src/services/supabaseSync.test.ts[2m > [22m[2msupabaseSync[2m > [22m[2mshould process the queue when online
[22m[39m[SyncQueue] Processing 1 pending tasks...

 [32mÔ£ô[39m src/services/supabaseSync.test.ts [2m([22m[2m2 tests[22m[2m)[22m[32m 23[2mms[22m[39m
[90mstdout[2m | src/store/useAppStore.test.ts
[22m[39m[Store Init] Native: false, Localhost: true

 [32mÔ£ô[39m src/store/useAppStore.test.ts [2m([22m[2m7 tests[22m[2m)[22m[32m 12[2mms[22m[39m
 [32mÔ£ô[39m src/components/finance/Paywall.test.tsx [2m([22m[2m2 tests[22m[2m)[22m[32m 144[2mms[22m[39m
[90mstdout[2m | src/components/tracker/Tracker.test.tsx[2m > [22m[2mTracker Component[2m > [22m[2mshould display error toast when GPS permission is denied
[22m[39mDEBUG: handleStartTimer called { skipPrivacy: [33mfalse[39m, skipSafety: [33mfalse[39m, hasAcceptedPrivacy: [33mtrue[39m }

[90mstdout[2m | src/components/tracker/Tracker.test.tsx[2m > [22m[2mTracker Component[2m > [22m[2mshould display error toast when GPS permission is denied
[22m[39mDEBUG: handleStartTimer called { skipPrivacy: [33mtrue[39m, skipSafety: [33mtrue[39m, hasAcceptedPrivacy: [33mtrue[39m }

[90mstdout[2m | src/components/tracker/Tracker.test.tsx[2m > [22m[2mTracker Component[2m > [22m[2mshould show safety warning modal before starting live tracking
[22m[39mDEBUG: handleStartTimer called { skipPrivacy: [33mfalse[39m, skipSafety: [33mfalse[39m, hasAcceptedPrivacy: [33mtrue[39m }

 [32mÔ£ô[39m src/utils/readiness.test.ts [2m([22m[2m4 tests[22m[2m)[22m[32m 3[2mms[22m[39m
 [32mÔ£ô[39m src/components/tracker/Tracker.test.tsx [2m([22m[2m4 tests[22m[2m)[22m[33m 522[2mms[22m[39m
     [33m[2mÔ£ô[22m[39m should display error toast when GPS permission is denied [33m 338[2mms[22m[39m

[2m Test Files [22m [1m[32m6 passed[39m[22m[90m (6)[39m
[2m      Tests [22m [1m[32m23 passed[39m[22m[90m (23)[39m
[2m   Start at [22m 22:07:35
[2m   Duration [22m 9.89s[2m (transform 2.60s, setup 3.00s, import 5.37s, tests 723ms, environment 14.41s)[22m

ÔÜá´©Å No database connection string found (tried DATABASE_URL, DB_URL, POSTGRES_URL, SUPABASE_DB_URL). Skipping migrations.
[36mvite v7.3.2 [32mbuilding client environment for production...[36m[39m
transforming...
[32mÔ£ô[39m 2521 modules transformed.
rendering chunks...
[33m[plugin vite:reporter] 
(!) C:/Users/abhij/OneDrive/Documents/DriveDE/node_modules/@capacitor/app/dist/esm/index.js is dynamically imported by 
C:/Users/abhij/OneDrive/Documents/DriveDE/src/App.tsx but also statically imported by 
C:/Users/abhij/OneDrive/Documents/DriveDE/src/App.tsx, dynamic import will not move module into another chunk.
[39m
[33m[plugin vite:reporter] 
(!) C:/Users/abhij/OneDrive/Documents/DriveDE/src/services/supabaseSync.ts is dynamically imported by 
C:/Users/abhij/OneDrive/Documents/DriveDE/src/App.tsx, C:/Users/abhij/OneDrive/Documents/DriveDE/src/App.tsx, 
C:/Users/abhij/OneDrive/Documents/DriveDE/src/App.tsx, 
C:/Users/abhij/OneDrive/Documents/DriveDE/src/components/finance/Paywall.tsx but also statically imported by 
C:/Users/abhij/OneDrive/Documents/DriveDE/src/App.tsx, 
C:/Users/abhij/OneDrive/Documents/DriveDE/src/components/auth/Account.tsx, 
C:/Users/abhij/OneDrive/Documents/DriveDE/src/components/tracker/Tracker.tsx, 
C:/Users/abhij/OneDrive/Documents/DriveDE/src/store/useAppStore.ts, dynamic import will not move module into another 
chunk.
[39m
[33m[plugin vite:reporter] 
(!) C:/Users/abhij/OneDrive/Documents/DriveDE/src/store/useAppStore.ts is dynamically imported by 
C:/Users/abhij/OneDrive/Documents/DriveDE/src/services/supabaseSync.ts, 
C:/Users/abhij/OneDrive/Documents/DriveDE/src/services/supabaseSync.ts but also statically imported by 
C:/Users/abhij/OneDrive/Documents/DriveDE/src/App.tsx, 
C:/Users/abhij/OneDrive/Documents/DriveDE/src/components/auth/Account.tsx, 
C:/Users/abhij/OneDrive/Documents/DriveDE/src/components/auth/AuthModal.tsx, 
C:/Users/abhij/OneDrive/Documents/DriveDE/src/components/auth/LicenseSelector.tsx, 
C:/Users/abhij/OneDrive/Documents/DriveDE/src/components/auth/PathSelectorModal.tsx, 
C:/Users/abhij/OneDrive/Documents/DriveDE/src/components/auth/Welcome.tsx, 
C:/Users/abhij/OneDrive/Documents/DriveDE/src/components/common/AchievementOverlay.tsx, 
C:/Users/abhij/OneDrive/Documents/DriveDE/src/components/curriculum/Achievements.tsx, 
C:/Users/abhij/OneDrive/Documents/DriveDE/src/components/curriculum/Curriculum.tsx, 
C:/Users/abhij/OneDrive/Documents/DriveDE/src/components/curriculum/LessonDetail.tsx, 
C:/Users/abhij/OneDrive/Documents/DriveDE/src/components/dashboard/Dashboard.tsx, 
C:/Users/abhij/OneDrive/Documents/DriveDE/src/components/dashboard/DrivingInsights.tsx, 
C:/Users/abhij/OneDrive/Documents/DriveDE/src/components/finance/BudgetEstimator.tsx, 
C:/Users/abhij/OneDrive/Documents/DriveDE/src/components/finance/Paywall.tsx, 
C:/Users/abhij/OneDrive/Documents/DriveDE/src/components/layout/BottomNav.tsx, 
C:/Users/abhij/OneDrive/Documents/DriveDE/src/components/layout/DesktopNav.tsx, 
C:/Users/abhij/OneDrive/Documents/DriveDE/src/components/layout/Header.tsx, 
C:/Users/abhij/OneDrive/Documents/DriveDE/src/components/legal/CookieConsent.tsx, 
C:/Users/abhij/OneDrive/Documents/DriveDE/src/components/legal/LegalHub.tsx, 
C:/Users/abhij/OneDrive/Documents/DriveDE/src/components/legal/LegalPage.tsx, 
C:/Users/abhij/OneDrive/Documents/DriveDE/src/components/maneuvers/InstructorReview.tsx, 
C:/Users/abhij/OneDrive/Documents/DriveDE/src/components/maneuvers/Maneuvers.tsx, 
C:/Users/abhij/OneDrive/Documents/DriveDE/src/components/tracker/Tracker.tsx, 
C:/Users/abhij/OneDrive/Documents/DriveDE/src/services/AnalyticsService.ts, dynamic import will not move module into 
another chunk.
[39m
computing gzip size...
[2mdist/[22m[32mindex.html                               [39m[1m[2m  1.37 kB[22m[1m[22m[2m Ôöé gzip:   0.63 kB[22m
[2mdist/[22m[32massets/spatial.worker-J_Ko85m-.js        [39m[1m[2m  1.46 kB[22m[1m[22m
[2mdist/[22m[32massets/dashboard-warnings-B2Hmt3Jj.webp  [39m[1m[2m  4.84 kB[22m[1m[22m
[2mdist/[22m[32massets/oil-dipstick-DbMYxD90.webp        [39m[1m[2m  5.61 kB[22m[1m[22m
[2mdist/[22m[32massets/car-lights-Y6OBDPUD.webp          [39m[1m[2m  6.06 kB[22m[1m[22m
[2mdist/[22m[32massets/tyre-tread-CXG0mTW1.webp          [39m[1m[2m  7.29 kB[22m[1m[22m
[2mdist/[22m[35massets/Tracker-CIGW-MKW.css              [39m[1m[2m 15.61 kB[22m[1m[22m[2m Ôöé gzip:   6.46 kB[22m
[2mdist/[22m[35massets/index-BixX_fqD.css                [39m[1m[2m148.52 kB[22m[1m[22m[2m Ôöé gzip:  20.51 kB[22m
[2mdist/[22m[36massets/chevron-down-C2V_JTct.js          [39m[1m[2m  0.13 kB[22m[1m[22m[2m Ôöé gzip:   0.14 kB[22m
[2mdist/[22m[36massets/chevron-left-LrdWBwpp.js          [39m[1m[2m  0.13 kB[22m[1m[22m[2m Ôöé gzip:   0.15 kB[22m
[2mdist/[22m[36massets/square-DmSCqKaU.js                [39m[1m[2m  0.15 kB[22m[1m[22m[2m Ôöé gzip:   0.15 kB[22m
[2mdist/[22m[36massets/arrow-right-DII3voAV.js           [39m[1m[2m  0.17 kB[22m[1m[22m[2m Ôöé gzip:   0.16 kB[22m
[2mdist/[22m[36massets/circle-check-big-DDt7CyvM.js      [39m[1m[2m  0.19 kB[22m[1m[22m[2m Ôöé gzip:   0.18 kB[22m
[2mdist/[22m[36massets/play-HVx3DvZI.js                  [39m[1m[2m  0.19 kB[22m[1m[22m[2m Ôöé gzip:   0.18 kB[22m
[2mdist/[22m[36massets/rotate-ccw-D2haEJRb.js            [39m[1m[2m  0.20 kB[22m[1m[22m[2m Ôöé gzip:   0.18 kB[22m
[2mdist/[22m[36massets/credit-card-DRenuIjj.js           [39m[1m[2m  0.21 kB[22m[1m[22m[2m Ôöé gzip:   0.19 kB[22m
[2mdist/[22m[36massets/pause-DkHhfalx.js                 [39m[1m[2m  0.21 kB[22m[1m[22m[2m Ôöé gzip:   0.17 kB[22m
[2mdist/[22m[36massets/mail-DW5ahG4V.js                  [39m[1m[2m  0.21 kB[22m[1m[22m[2m Ôöé gzip:   0.20 kB[22m
[2mdist/[22m[36massets/download-BAUuL_5C.js              [39m[1m[2m  0.23 kB[22m[1m[22m[2m Ôöé gzip:   0.19 kB[22m
[2mdist/[22m[36massets/settings-2-rYdiTj1v.js            [39m[1m[2m  0.25 kB[22m[1m[22m[2m Ôöé gzip:   0.19 kB[22m
[2mdist/[22m[36massets/search-BSrIBBsW.js                [39m[1m[2m  0.30 kB[22m[1m[22m[2m Ôöé gzip:   0.23 kB[22m
[2mdist/[22m[36massets/graduation-cap-BEaVUwdv.js        [39m[1m[2m  0.33 kB[22m[1m[22m[2m Ôöé gzip:   0.25 kB[22m
[2mdist/[22m[36massets/index-CjzEsJmt.js                 [39m[1m[2m  0.35 kB[22m[1m[22m[2m Ôöé gzip:   0.24 kB[22m
[2mdist/[22m[36massets/file-text-DxugpuaY.js             [39m[1m[2m  0.39 kB[22m[1m[22m[2m Ôöé gzip:   0.25 kB[22m
[2mdist/[22m[36massets/EmptyState-DWL6XsgT.js            [39m[1m[2m  0.66 kB[22m[1m[22m[2m Ôöé gzip:   0.34 kB[22m
[2mdist/[22m[36massets/scale-DShmMq1s.js                 [39m[1m[2m  0.67 kB[22m[1m[22m[2m Ôöé gzip:   0.34 kB[22m
[2mdist/[22m[36massets/index-Cq59TQOE.js                 [39m[1m[2m  0.77 kB[22m[1m[22m[2m Ôöé gzip:   0.48 kB[22m
[2mdist/[22m[36massets/web-C9j5cDvv.js                   [39m[1m[2m  0.84 kB[22m[1m[22m[2m Ôöé gzip:   0.40 kB[22m
[2mdist/[22m[36massets/PageHeader-CzCSjzNU.js            [39m[1m[2m  0.89 kB[22m[1m[22m[2m Ôöé gzip:   0.49 kB[22m
[2mdist/[22m[36massets/Achievements-DQhOGQ53.js          [39m[1m[2m  1.26 kB[22m[1m[22m[2m Ôöé gzip:   0.58 kB[22m
[2mdist/[22m[36massets/web-jshh9Qfb.js                   [39m[1m[2m  1.65 kB[22m[1m[22m[2m Ôöé gzip:   0.68 kB[22m
[2mdist/[22m[36massets/web-CanGHrT0.js                   [39m[1m[2m  2.30 kB[22m[1m[22m[2m Ôöé gzip:   0.93 kB[22m
[2mdist/[22m[36massets/web-CJgDW9PS.js                   [39m[1m[2m  2.33 kB[22m[1m[22m[2m Ôöé gzip:   1.03 kB[22m
[2mdist/[22m[36massets/LegalHub-E6sj1TvM.js              [39m[1m[2m  2.53 kB[22m[1m[22m[2m Ôöé gzip:   0.88 kB[22m
[2mdist/[22m[36massets/web-BWbI5vhz.js                   [39m[1m[2m  3.75 kB[22m[1m[22m[2m Ôöé gzip:   0.99 kB[22m
[2mdist/[22m[36massets/index-D3GBEgxi.js                 [39m[1m[2m  4.33 kB[22m[1m[22m[2m Ôöé gzip:   1.76 kB[22m
[2mdist/[22m[36massets/LegalPage-BCbaB9q1.js             [39m[1m[2m  5.13 kB[22m[1m[22m[2m Ôöé gzip:   1.43 kB[22m
[2mdist/[22m[36massets/ExamSimulation-Be4LZEMH.js        [39m[1m[2m  5.21 kB[22m[1m[22m[2m Ôöé gzip:   2.13 kB[22m
[2mdist/[22m[36massets/LicenseSelector-DXAc2DXv.js       [39m[1m[2m  5.24 kB[22m[1m[22m[2m Ôöé gzip:   1.72 kB[22m
[2mdist/[22m[36massets/Maneuvers-BHaiSmCY.js             [39m[1m[2m  6.54 kB[22m[1m[22m[2m Ôöé gzip:   2.15 kB[22m
[2mdist/[22m[36massets/Paywall-DIFcfldL.js               [39m[1m[2m  8.57 kB[22m[1m[22m[2m Ôöé gzip:   2.94 kB[22m
[2mdist/[22m[36massets/AuthModal-tftWdp0H.js             [39m[1m[2m  9.93 kB[22m[1m[22m[2m Ôöé gzip:   3.44 kB[22m
[2mdist/[22m[36massets/Curriculum-7bXVG86s.js            [39m[1m[2m 11.05 kB[22m[1m[22m[2m Ôöé gzip:   2.78 kB[22m
[2mdist/[22m[36massets/BudgetEstimator-BTwPGXL1.js       [39m[1m[2m 17.62 kB[22m[1m[22m[2m Ôöé gzip:   4.17 kB[22m
[2mdist/[22m[36massets/Welcome-BNTjIydr.js               [39m[1m[2m 19.79 kB[22m[1m[22m[2m Ôöé gzip:   5.23 kB[22m
[2mdist/[22m[36massets/purify.es-21m173o_.js             [39m[1m[2m 22.71 kB[22m[1m[22m[2m Ôöé gzip:   8.72 kB[22m
[2mdist/[22m[36massets/AnimatedManeuver-ZHAnTfX3.js      [39m[1m[2m 29.84 kB[22m[1m[22m[2m Ôöé gzip:   7.42 kB[22m
[2mdist/[22m[36massets/Account-DNzce_NZ.js               [39m[1m[2m 37.65 kB[22m[1m[22m[2m Ôöé gzip:  11.27 kB[22m
[2mdist/[22m[36massets/LessonDetail-BZFWyLU5.js          [39m[1m[2m 79.61 kB[22m[1m[22m[2m Ôöé gzip:  16.47 kB[22m
[2mdist/[22m[36massets/index.es-DfjFjKNk.js              [39m[1m[2m158.97 kB[22m[1m[22m[2m Ôöé gzip:  53.12 kB[22m
[2mdist/[22m[36massets/html2canvas.esm-DXEQVQnt.js       [39m[1m[2m201.04 kB[22m[1m[22m[2m Ôöé gzip:  47.43 kB[22m
[2mdist/[22m[36massets/Tracker-C4k7QgUw.js               [39m[1m[2m251.57 kB[22m[1m[22m[2m Ôöé gzip:  69.83 kB[22m
[2mdist/[22m[36massets/InstructorReview-xLpdmB3B.js      [39m[1m[2m414.26 kB[22m[1m[22m[2m Ôöé gzip: 132.87 kB[22m
[2mdist/[22m[36massets/index-DOlQqZMN.js                 [39m[1m[33m961.59 kB[39m[22m[2m Ôöé gzip: 288.82 kB[22m
[33m
(!) Some chunks are larger than 500 kB after minification. Consider:
- Using dynamic import() to code-split the application
- Use build.rollupOptions.output.manualChunks to improve chunking: 
https://rollupjs.org/configuration-options/#output-manualchunks
- Adjust chunk size limit for this warning via build.chunkSizeWarningLimit.[39m
[32mÔ£ô built in 9.72s[39m
